// Vitest Snapshot v1, https://vitest.dev/guide/snapshot.html

exports[`CSS Modules > should transform CSS Modules 1`] = `
"// assets/index-B_IWpIjy.css
.dummy_dummy_button{color:red;bakcground-color:blue}

// index.js
const classes = {"button":"dummy_button"};

const _button0 = classes["button"];

const btn = document.createElement('div').classList.add(_button0);
document.body.append(btn);
"
`;

exports[`rollup transform > tests/fixtures/as-string.css 1`] = `
"// as-string.js


// assets/as-string-CRu7KFtz.css
export default ".red{color:red}"
"
`;

exports[`rollup transform > tests/fixtures/basic.css 1`] = `
"// assets/basic-CuZ0KhGL.css
.red{color:red}

// basic.js

"
`;

exports[`rollup transform > tests/fixtures/import.css 1`] = `
"// assets/import-C9cPOTFW.css
@import "./basic.css";

// import.js

"
`;

exports[`rollup transform > tests/fixtures/nesting.css 1`] = `
"// assets/nesting-B4RRm-s2.css
.a .b{color:red}

// nesting.js

"
`;
